apiVersion: apiserver.config.k8s.io/v1
kind: AdmissionConfiguration
plugins:
- name: ImagePolicyWebhook
  path: imagepolicy.conf

  cloud_user@k8s-control:/etc/kubernetes/admission-control$ vi /etc/kubernetes/manifests/kube-apiserver.yaml
cloud_user@k8s-control:/etc/kubernetes/admission-control$ sudo !!
sudo vi /etc/kubernetes/manifests/kube-apiserver.yaml
cloud_user@k8s-control:/etc/kubernetes/admission-control$ l
admission-control.conf  api-server-client.crt  api-server-client.key  imagepolicy.conf  imagepolicy_backend.kubeconfig  imagepolicywebhook-ca.crt
cloud_user@k8s-control:/etc/kubernetes/admission-control$ sudo vi admission-control.conf
cloud_user@k8s-control:/etc/kubernetes/admission-control$ vi admission-control.conf
cloud_user@k8s-control:/etc/kubernetes/admission-control$ cat imagepolicy
cat: imagepolicy: No such file or directory
cloud_user@k8s-control:/etc/kubernetes/admission-control$ cat imagepolicy.conf
{
   "imagePolicy": {
      "kubeConfigFile": "/etc/kubernetes/admission-control/imagepolicy_backend.kubeconfig",
      "allowTTL": 50,
      "denyTTL": 50,
      "retryBackoff": 500,
      "defaultAllow": true
   }
}
cloud_user@k8s-control:/etc/kubernetes/admission-control$ sudo
Display all 1718 possibilities? (y or n)
cloud_user@k8s-control:/etc/kubernetes/admission-control$ sudo vi imagepolicy.conf
cloud_user@k8s-control:/etc/kubernetes/admission-control$ cat imagepolicy
cat: imagepolicy: No such file or directory
cloud_user@k8s-control:/etc/kubernetes/admission-control$ cat imagepolicy.conf
{
   "imagePolicy": {
      "kubeConfigFile": "/etc/kubernetes/admission-control/imagepolicy_backend.kubeconfig",
      "allowTTL": 50,
      "denyTTL": 50,
      "retryBackoff": 500,
      "defaultAllow": false
   }
}
cloud_user@k8s-control:/etc/kubernetes/admission-control$


cloud_user@k8s-control:/etc/kubernetes/admission-control$ cat imagepolicy_backend.kubeconfig
apiVersion: v1
kind: Config
clusters:
- name: trivy-k8s-webhook
  cluster:
    certificate-authority: /etc/kubernetes/admission-control/imagepolicywebhook-ca.crt
    server: https://acg.trivy.k8s.webhook:8090/scan
contexts:
- name: trivy-k8s-webhook
  context:
    cluster: trivy-k8s-webhook
    user: api-server
current-context: trivy-k8s-webhook
preferences: {}
users:
- name: api-server
  user:
    client-certificate: /etc/kubernetes/admission-control/api-server-client.crt
    client-key: /etc/kubernetes/admission-control/api-server-client.key
cloud_user@k8s-control:/etc/kubernetes/admission-control$


cloud_user@k8s-cli:~$ k create -f no-vulns-pod.yml
pod/no-vulns-pod created
cloud_user@k8s-cli:~$ k create -f vulns-pod.yml
Error from server (Forbidden): error when creating "vulns-pod.yml": pods "vulns-pod" is forbidden: image policy webhook backend denied one or more images: Image(s) contain serious vulnerabilities: [nginx:1.14.2]
cloud_user@k8s-cli:~$