root@cks-worker:~# k config view
apiVersion: v1
clusters: null
contexts: null
current-context: ""
kind: Config
preferences: {}
users: null
root@cks-worker:~# vi /etc/kubernetes/manifests/kubelet.conf
root@cks-worker:~# cd /etc/kubernetes/manifests/
root@cks-worker:/etc/kubernetes/manifests# ls
root@cks-worker:/etc/kubernetes/manifests# l
root@cks-worker:/etc/kubernetes/manifests# cd /etc/kubernetes/
root@cks-worker:/etc/kubernetes# ls
kubelet.conf  manifests  pki
root@cks-worker:/etc/kubernetes# export KUBECONFIG=/etc/kubernetes/kubelet.conf
root@cks-worker:/etc/kubernetes# k config view
apiVersion: v1
clusters:
- cluster:
    certificate-authority-data: DATA+OMITTED
    server: https://10.128.0.2:6443
  name: default-cluster
contexts:
- context:
    cluster: default-cluster
    namespace: default
    user: default-auth
  name: default-context
current-context: default-context
kind: Config
preferences: {}
users:
- name: default-auth
  user:
    client-certificate: /var/lib/kubelet/pki/kubelet-client-current.pem
    client-key: /var/lib/kubelet/pki/kubelet-client-current.pem
root@cks-worker:/etc/kubernetes# k get ns
Error from server (Forbidden): namespaces is forbidden: User "system:node:cks-worker" cannot list resource "namespaces" in API group "" at the cluster scope
root@cks-worker:/etc/kubernetes# k label node cks-master
error: at least one label update is required
root@cks-worker:/etc/kubernetes# k label node cks-master cks/test=yes
Error from server (Forbidden): nodes "cks-master" is forbidden: node "cks-worker" is not allowed to modify node "cks-master"
root@cks-worker:/etc/kubernetes# k label node cks-worker cks/test=yes
node/cks-worker labeled
root@cks-worker:/etc/kubernetes#
