cloud_user@k8s-control:~$ kubectl get pod -n auth
NAME        READY   STATUS    RESTARTS   AGE
pod-watch   1/1     Running   0          101m
svc-watch   1/1     Running   0          101m
cloud_user@k8s-control:~$

cloud_user@k8s-control:~$ kubectl create sa -n auth pod-monitor
serviceaccount/pod-monitor created
cloud_user@k8s-control:~$

cloud_user@k8s-control:~$ kubectl get pod -n auth
NAME        READY   STATUS    RESTARTS   AGE
pod-watch   1/1     Running   0          111m
svc-watch   1/1     Running   0          111m
cloud_user@k8s-control:~$ kubectl edit pod -n auth pod-watch
Edit cancelled, no changes made.
cloud_user@k8s-control:~$ ls
aws-cfn-bootstrap-py3-latest.tar.gz  pod-watch.yml  svc-watch.yml
cloud_user@k8s-control:~$ vi pod-watch.yml
cloud_user@k8s-control:~$ k create -d pod-watch.yml
k: command not found
cloud_user@k8s-control:~$ kubectl create -d pod-watch.yml
error: unknown shorthand flag: 'd' in -d
See 'kubectl create --help' for usage.
cloud_user@k8s-control:~$ kubectl create -f pod-watch.yml
Error from server (AlreadyExists): error when creating "pod-watch.yml": pods "pod-watch" already exists
cloud_user@k8s-control:~$ k delete pod -n auth pod-watch --force
k: command not found
cloud_user@k8s-control:~$ kubectl delete pod -n auth pod-watch --force
warning: Immediate deletion does not wait for confirmation that the running resource has been terminated. The resource may continue to run on the cluster indefinitely.
pod "pod-watch" force deleted
cloud_user@k8s-control:~$ kubectl create -f pod-watch.yml
pod/pod-watch created
cloud_user@k8s-control:~$