root@cks-master:~# k run pod --image nginx 
pod/pod created
root@cks-master:~# k exec -it -- bash
error: pod, type/name or --filename must be specified
root@cks-master:~# k exec pod -it -- bash
root@pod:/# uname -r
5.15.0-1046-gcp
root@pod:/# exit
exit
root@cks-master:~# uname -r
5.15.0-1046-gcp
root@cks-master:~# 


apiVersion: node.k8s.io/v1
kind: RuntimeClass
metadata:
  # The name the RuntimeClass will be referenced by.
  # RuntimeClass is a non-namespaced resource.
  name: sandbox 
# The name of the corresponding CRI configuration
handler: runsc 