root@immutable:/usr/local/apache2# ls
bin  build  cgi-bin  conf  error  htdocs  icons  include  logs  modules  test
root@immutable:/usr/local/apache2# exit
exit
root@cks-master:~# vi pod.yaml
root@cks-master:~# vi pod.yaml
root@cks-master:~# k delete pod immutable
pod "immutable" deleted
root@cks-master:~# k create -f
.kube/    .ssh/     pod.yaml  snap/
root@cks-master:~# k create -f
.kube/    .ssh/     pod.yaml  snap/
root@cks-master:~# k create -f pod.yaml
pod/immutable created
root@cks-master:~# k get pod
NAME        READY   STATUS    RESTARTS   AGE
immutable   0/1     Running   0          5s
root@cks-master:~# k get pod
NAME        READY   STATUS    RESTARTS   AGE
immutable   1/1     Running   0          12s
root@cks-master:~# k exec immutable -it -- bash
root@immutable:/usr/local/apache2# touch test
bash: touch: command not found
root@immutable:/usr/local/apache2#
